Problem
  Name                   :                 
  Objective sense        : minimize        
  Type                   : CONIC (conic optimization problem)
  Constraints            : 136             
  Affine conic cons.     : 0               
  Disjunctive cons.      : 0               
  Cones                  : 0               
  Scalar variables       : 0               
  Matrix variables       : 2 (scalarized: 585)
  Integer variables      : 0               

Optimizer started.
Presolve started.
Linear dependency checker started.
Linear dependency checker terminated.
Eliminator started.
Freed constraints in eliminator : 0
Eliminator terminated.
Eliminator - tries                  : 1                 time                   : 0.00            
Lin. dep.  - tries                  : 1                 time                   : 0.00            
Lin. dep.  - primal attempts        : 1                 successes              : 1               
Lin. dep.  - dual attempts          : 0                 successes              : 0               
Lin. dep.  - primal deps.           : 0                 dual deps.             : 0               
Presolve terminated. Time: 0.00    
Optimizer  - threads                : 32              
Optimizer  - solved problem         : the primal      
Optimizer  - Constraints            : 136             
Optimizer  - Cones                  : 0               
Optimizer  - Scalar variables       : 0                 conic                  : 0               
Optimizer  - Semi-definite variables: 2                 scalarized             : 585             
Factor     - setup time             : 0.00            
Factor     - dense det. time        : 0.00              GP order time          : 0.00            
Factor     - nonzeros before factor : 9316              after factor           : 9316            
Factor     - dense dim.             : 0                 flops                  : 4.49e+06        
ITE PFEAS    DFEAS    GFEAS    PRSTATUS   POBJ              DOBJ              MU       TIME  
0   2.9e+01  1.0e+00  1.6e+01  0.00e+00   1.500000000e+01   0.000000000e+00   1.0e+00  0.00  
1   2.8e+00  9.7e-02  3.2e-01  1.12e+00   6.503901259e-01   -6.527233849e-01  9.7e-02  0.01  
2   5.5e-01  1.9e-02  2.1e-02  1.88e+00   7.169287216e-02   -9.239622777e-02  1.9e-02  0.01  
3   8.1e-02  2.8e-03  1.2e-03  1.13e+00   1.159951129e-02   -1.132418111e-02  2.8e-03  0.01  
4   1.0e-02  3.5e-04  5.6e-05  9.86e-01   1.516994152e-03   -1.422399308e-03  3.5e-04  0.01  
5   1.5e-03  5.0e-05  3.0e-06  9.77e-01   2.054048971e-04   -2.192301426e-04  5.0e-05  0.02  
6   1.9e-04  6.5e-06  1.2e-07  1.05e+00   2.107616993e-05   -3.240127598e-05  6.5e-06  0.02  
7   2.5e-05  8.5e-07  3.7e-09  1.25e+00   1.106393805e-06   -4.663431945e-06  8.5e-07  0.02  
8   3.1e-07  1.1e-08  6.2e-12  1.28e+00   1.903488643e-08   -4.374601212e-08  1.1e-08  0.02  
9   3.1e-15  1.0e-14  1.4e-23  1.00e+00   1.999965331e-16   -1.175057423e-15  2.3e-16  0.02  
Optimizer terminated. Time: 0.02    


Interior-point solution summary
  Problem status  : PRIMAL_AND_DUAL_FEASIBLE
  Solution status : OPTIMAL
  Primal.  obj: 1.9999653309e-16    nrm: 1e+00    Viol.  con: 5e-12    barvar: 0e+00  
  Dual.    obj: -1.1750574230e-15   nrm: 1e+00    Viol.  con: 0e+00    barvar: 4e-15  
