Problem
  Name                   :                 
  Objective sense        : minimize        
  Type                   : CONIC (conic optimization problem)
  Constraints            : 21              
  Affine conic cons.     : 0               
  Disjunctive cons.      : 0               
  Cones                  : 0               
  Scalar variables       : 0               
  Matrix variables       : 2 (scalarized: 70)
  Integer variables      : 0               

Optimizer started.
Presolve started.
Linear dependency checker started.
Linear dependency checker terminated.
Eliminator started.
Freed constraints in eliminator : 0
Eliminator terminated.
Eliminator - tries                  : 1                 time                   : 0.00            
Lin. dep.  - tries                  : 1                 time                   : 0.00            
Lin. dep.  - primal attempts        : 1                 successes              : 1               
Lin. dep.  - dual attempts          : 0                 successes              : 0               
Lin. dep.  - primal deps.           : 0                 dual deps.             : 0               
Presolve terminated. Time: 0.00    
Optimizer  - threads                : 32              
Optimizer  - solved problem         : the primal      
Optimizer  - Constraints            : 21              
Optimizer  - Cones                  : 0               
Optimizer  - Scalar variables       : 0                 conic                  : 0               
Optimizer  - Semi-definite variables: 2                 scalarized             : 70              
Factor     - setup time             : 0.00            
Factor     - dense det. time        : 0.00              GP order time          : 0.00            
Factor     - nonzeros before factor : 231               after factor           : 231             
Factor     - dense dim.             : 0                 flops                  : 3.24e+04        
ITE PFEAS    DFEAS    GFEAS    PRSTATUS   POBJ              DOBJ              MU       TIME  
0   9.0e+00  1.0e+00  6.0e+00  0.00e+00   5.000000000e+00   0.000000000e+00   1.0e+00  0.00  
1   1.3e+00  1.5e-01  1.8e-01  1.28e+00   2.041121699e-01   -4.637373477e-01  1.5e-01  0.00  
2   2.7e-01  3.0e-02  1.7e-02  1.76e+00   4.453396180e-02   -5.466688157e-02  3.0e-02  0.00  
3   5.0e-02  5.5e-03  1.4e-03  1.02e+00   8.995523083e-03   -9.011463733e-03  5.5e-03  0.00  
4   8.0e-03  8.9e-04  9.5e-05  1.02e+00   1.569450115e-03   -1.310513066e-03  8.9e-04  0.00  
5   5.8e-04  6.5e-05  2.0e-06  9.06e-01   1.387905453e-04   -7.879051565e-05  6.5e-05  0.00  
6   7.2e-05  8.0e-06  5.2e-08  1.23e+00   5.838611994e-06   -1.845598897e-05  8.0e-06  0.00  
7   2.4e-06  2.6e-07  3.2e-10  1.36e+00   2.108840413e-07   -4.418800061e-07  2.6e-07  0.01  
8   1.8e-10  2.0e-11  2.0e-16  1.01e+00   1.404103576e-11   -3.634708794e-11  2.0e-11  0.01  
Optimizer terminated. Time: 0.01    


Interior-point solution summary
  Problem status  : PRIMAL_AND_DUAL_FEASIBLE
  Solution status : OPTIMAL
  Primal.  obj: 1.4041035758e-11    nrm: 1e+00    Viol.  con: 2e-07    barvar: 0e+00  
  Dual.    obj: -3.6347087944e-11   nrm: 1e+00    Viol.  con: 0e+00    barvar: 9e-12  
