Problem
  Name                   :                 
  Objective sense        : minimize        
  Type                   : CONIC (conic optimization problem)
  Constraints            : 13              
  Affine conic cons.     : 0               
  Disjunctive cons.      : 0               
  Cones                  : 0               
  Scalar variables       : 0               
  Matrix variables       : 3 (scalarized: 51)
  Integer variables      : 0               

Optimizer started.
Presolve started.
Linear dependency checker started.
Linear dependency checker terminated.
Eliminator started.
Freed constraints in eliminator : 0
Eliminator terminated.
Eliminator - tries                  : 1                 time                   : 0.00            
Lin. dep.  - tries                  : 1                 time                   : 0.00            
Lin. dep.  - primal attempts        : 1                 successes              : 1               
Lin. dep.  - dual attempts          : 0                 successes              : 0               
Lin. dep.  - primal deps.           : 0                 dual deps.             : 0               
Presolve terminated. Time: 0.00    
Optimizer  - threads                : 32              
Optimizer  - solved problem         : the primal      
Optimizer  - Constraints            : 13              
Optimizer  - Cones                  : 0               
Optimizer  - Scalar variables       : 0                 conic                  : 0               
Optimizer  - Semi-definite variables: 3                 scalarized             : 51              
Factor     - setup time             : 0.00            
Factor     - dense det. time        : 0.00              GP order time          : 0.00            
Factor     - nonzeros before factor : 91                after factor           : 91              
Factor     - dense dim.             : 0                 flops                  : 4.63e+03        
ITE PFEAS    DFEAS    GFEAS    PRSTATUS   POBJ              DOBJ              MU       TIME  
0   4.2e+00  1.0e+00  1.0e+00  0.00e+00   0.000000000e+00   0.000000000e+00   1.0e+00  0.02  
1   8.6e-01  2.1e-01  2.4e-01  -5.00e-01  -2.564359446e+00  -1.692466469e+00  2.1e-01  0.02  
2   1.6e-01  3.8e-02  6.5e-02  -3.59e-01  -9.388158438e+00  -6.742172659e+00  3.8e-02  0.02  
3   5.2e-02  1.2e-02  1.5e-02  8.00e-02   -1.080938279e+01  -9.481694140e+00  1.2e-02  0.03  
4   1.4e-02  3.3e-03  2.3e-03  7.49e-01   -8.588124585e+00  -8.159420349e+00  3.3e-03  0.03  
5   3.5e-03  8.5e-04  4.7e-04  4.61e-01   -8.621236400e+00  -8.329385329e+00  8.5e-04  0.03  
6   1.3e-03  3.0e-04  1.6e-04  2.19e-01   -9.652448964e+00  -9.393298629e+00  3.0e-04  0.03  
7   3.5e-04  8.3e-05  2.7e-05  4.72e-01   -1.045543492e+01  -1.035388011e+01  8.3e-05  0.03  
8   7.8e-05  1.9e-05  3.7e-06  5.55e-01   -1.092112109e+01  -1.088231379e+01  1.9e-05  0.03  
9   1.9e-05  4.7e-06  5.4e-07  7.63e-01   -1.097093912e+01  -1.095755824e+01  4.7e-06  0.03  
10  6.5e-06  1.6e-06  1.1e-07  7.54e-01   -1.096382643e+01  -1.095859036e+01  1.6e-06  0.03  
11  1.1e-06  2.5e-07  8.0e-09  9.37e-01   -1.096866928e+01  -1.096769187e+01  2.5e-07  0.03  
12  3.5e-07  8.3e-08  1.7e-09  8.35e-01   -1.096825018e+01  -1.096783984e+01  8.3e-08  0.03  
13  1.2e-07  2.8e-08  3.7e-10  8.76e-01   -1.096810274e+01  -1.096793900e+01  2.9e-08  0.03  
14  7.7e-08  1.9e-08  2.3e-10  6.43e-01   -1.096776941e+01  -1.096762232e+01  1.8e-08  0.03  
15  2.1e-08  5.7e-09  3.6e-11  8.73e-01   -1.096763064e+01  -1.096758416e+01  5.2e-09  0.03  
16  5.0e-09  2.3e-09  6.5e-12  4.65e-01   -1.096747012e+01  -1.096743854e+01  1.3e-09  0.03  
17  1.7e-09  8.0e-10  1.6e-12  5.81e-01   -1.096736708e+01  -1.096735061e+01  4.4e-10  0.03  
18  7.9e-10  4.8e-10  7.8e-13  2.57e-01   -1.096728908e+01  -1.096727166e+01  2.0e-10  0.03  
19  2.4e-10  1.9e-09  1.4e-13  7.07e-01   -1.096722746e+01  -1.096722102e+01  6.1e-11  0.03  
20  9.1e-11  4.7e-09  5.8e-14  2.43e-01   -1.096717151e+01  -1.096716425e+01  2.3e-11  0.03  
21  2.4e-11  4.0e-09  9.7e-15  6.66e-01   -1.096713688e+01  -1.096713400e+01  6.1e-12  0.03  
22  8.5e-12  1.4e-08  3.5e-15  3.27e-01   -1.096710972e+01  -1.096710681e+01  2.2e-12  0.04  
23  2.6e-12  3.7e-08  7.4e-16  6.55e-01   -1.096709491e+01  -1.096709356e+01  6.8e-13  0.04  
24  6.9e-12  2.0e-07  3.3e-16  2.69e-01   -1.096708246e+01  -1.096708089e+01  2.8e-13  0.04  
25  1.9e-12  3.2e-08  5.8e-17  6.86e-01   -1.096707437e+01  -1.096707375e+01  7.8e-14  0.04  
26  1.1e-12  1.2e-06  2.2e-17  3.20e-01   -1.096706778e+01  -1.096706712e+01  2.8e-14  0.04  
27  2.8e-12  1.9e-06  4.4e-18  6.57e-01   -1.096706417e+01  -1.096706387e+01  8.6e-15  0.04  
28  3.4e-12  2.7e-06  4.2e-18  4.84e-01   -1.096706403e+01  -1.096706373e+01  8.1e-15  0.04  
29  2.8e-12  3.7e-06  3.0e-18  2.49e-01   -1.096706292e+01  -1.096706261e+01  5.7e-15  0.04  
30  7.0e-13  1.9e-06  6.3e-19  2.86e-01   -1.096705967e+01  -1.096705945e+01  1.4e-15  0.04  
31  1.1e-12  6.4e-06  5.6e-19  5.74e-01   -1.096705952e+01  -1.096705931e+01  1.3e-15  0.05  
32  1.9e-12  1.0e-05  5.3e-19  5.67e-01   -1.096705945e+01  -1.096705925e+01  1.2e-15  0.05  
33  1.7e-12  1.0e-05  5.0e-19  9.14e-01   -1.096705941e+01  -1.096705921e+01  1.2e-15  0.05  
34  2.0e-12  2.5e-06  4.8e-19  7.59e-01   -1.096705936e+01  -1.096705917e+01  1.2e-15  0.05  
35  2.1e-12  2.8e-06  4.8e-19  1.09e+00   -1.096705936e+01  -1.096705917e+01  1.1e-15  0.05  
36  2.1e-12  2.8e-06  4.8e-19  1.09e+00   -1.096705936e+01  -1.096705917e+01  1.1e-15  0.05  
37  2.3e-12  3.0e-06  4.7e-19  9.64e-01   -1.096705935e+01  -1.096705916e+01  1.1e-15  0.05  
38  2.3e-12  3.0e-06  4.7e-19  9.79e-01   -1.096705935e+01  -1.096705916e+01  1.1e-15  0.05  
39  2.3e-12  3.0e-06  4.7e-19  9.79e-01   -1.096705935e+01  -1.096705916e+01  1.1e-15  0.06  
40  2.3e-12  3.0e-06  4.7e-19  9.79e-01   -1.096705935e+01  -1.096705916e+01  1.1e-15  0.06  
Optimizer terminated. Time: 0.06    


Interior-point solution summary
  Problem status  : PRIMAL_AND_DUAL_FEASIBLE
  Solution status : OPTIMAL
  Primal.  obj: -1.0967059345e+01   nrm: 1e+02    Viol.  con: 3e-08    barvar: 0e+00  
  Dual.    obj: -1.0967059156e+01   nrm: 4e+04    Viol.  con: 0e+00    barvar: 1e-11  
