Problem
  Name                   :                 
  Objective sense        : minimize        
  Type                   : CONIC (conic optimization problem)
  Constraints            : 104             
  Affine conic cons.     : 0               
  Disjunctive cons.      : 0               
  Cones                  : 0               
  Scalar variables       : 0               
  Matrix variables       : 1 (scalarized: 1275)
  Integer variables      : 0               

Optimizer started.
Presolve started.
Linear dependency checker started.
Linear dependency checker terminated.
Eliminator started.
Freed constraints in eliminator : 0
Eliminator terminated.
Eliminator - tries                  : 1                 time                   : 0.00            
Lin. dep.  - tries                  : 1                 time                   : 0.00            
Lin. dep.  - primal attempts        : 1                 successes              : 1               
Lin. dep.  - dual attempts          : 0                 successes              : 0               
Lin. dep.  - primal deps.           : 0                 dual deps.             : 0               
Presolve terminated. Time: 0.00    
Optimizer  - threads                : 32              
Optimizer  - solved problem         : the primal      
Optimizer  - Constraints            : 104             
Optimizer  - Cones                  : 0               
Optimizer  - Scalar variables       : 0                 conic                  : 0               
Optimizer  - Semi-definite variables: 1                 scalarized             : 1275            
Factor     - setup time             : 0.00            
Factor     - dense det. time        : 0.00              GP order time          : 0.00            
Factor     - nonzeros before factor : 5460              after factor           : 5460            
Factor     - dense dim.             : 0                 flops                  : 4.59e+05        
ITE PFEAS    DFEAS    GFEAS    PRSTATUS   POBJ              DOBJ              MU       TIME  
0   4.9e+01  1.0e+00  5.1e+01  0.00e+00   5.000000000e+01   0.000000000e+00   1.0e+00  0.00  
1   3.8e+00  7.7e-02  1.4e+01  -9.98e-01  2.546828538e+01   -1.173800914e+01  7.7e-02  0.01  
2   1.4e+00  2.9e-02  3.8e+00  -4.59e-01  1.567783380e+00   -1.484052436e+01  2.9e-02  0.01  
3   9.3e-01  1.9e-02  3.1e-01  4.01e+00   6.791011079e-01   -4.009280355e+00  1.9e-02  0.01  
4   3.6e-01  7.4e-03  8.5e-02  5.34e+00   3.037083541e-01   -4.538258641e-02  7.4e-03  0.01  
5   6.4e-03  1.3e-04  1.4e-04  1.06e+00   2.798746288e-03   -3.599425383e-03  1.3e-04  0.01  
6   1.3e-07  2.7e-09  1.4e-11  1.01e+00   6.270272988e-08   -6.942987068e-08  2.7e-09  0.01  
7   3.4e-12  8.0e-14  1.8e-18  1.00e+00   1.654151760e-12   -1.728932312e-12  7.0e-14  0.01  
Optimizer terminated. Time: 0.02    


Interior-point solution summary
  Problem status  : PRIMAL_AND_DUAL_FEASIBLE
  Solution status : OPTIMAL
  Primal.  obj: 1.6542080206e-12    nrm: 1e+00    Viol.  con: 3e-12    barvar: 0e+00  
  Dual.    obj: -1.7289323123e-12   nrm: 1e+00    Viol.  con: 0e+00    barvar: 8e-14  
